// Vitest Snapshot v1, https://vitest.dev/guide/snapshot.html

exports[`tests from RegistrationPage > should find emailInput data-testid 1`] = `"example@gmail.com"`;
